
==============================================================================
0 · TOÀN CẢNH
==============================================================================
lượt 13494 | học viên 1617 | 2026-07-22 18:00 → 2026-09-15 17:57
câu bấm sẵn 3067 (22.7%)
move_used: [('review_concept', 12127), ('give_direct_answer', 731), ('give_example', 372), ('', 129), ('give_hint', 39), ('ask_probing_question', 28), ('validate_understanding', 22), ('motivate', 21), ('suggest_next_topic', 18), ('celebrate_progress', 7)]
rating: [('', 13317), ('up', 92), ('down', 85)]
không trích dẫn: 3781 (28.0%)

==============================================================================
1 · TỈ LỆ NOT_FOUND THEO TỪNG LÁT (bộ STRICT)
==============================================================================
TẤT CẢ                   n= 13494 | NOT_FOUND  1223 (  9.1%) | ngoài phạm vi  274 ( 2.0%) | học viên chạm  526/1617
K4 (khoá hiện tại)       n=  3097 | NOT_FOUND    55 (  1.8%) | ngoài phạm vi   75 ( 2.4%) | học viên chạm   40/448
K3 (khoá trước)          n= 10397 | NOT_FOUND  1168 ( 11.2%) | ngoài phạm vi  199 ( 1.9%) | học viên chạm  487/1177
BỎ ngày 30/07            n= 10915 | NOT_FOUND   495 (  4.5%) | ngoài phạm vi  214 ( 2.0%) | học viên chạm  312/1414
CHỈ ngày 30/07           n=  2579 | NOT_FOUND   728 ( 28.2%) | ngoài phạm vi   60 ( 2.3%) | học viên chạm  265/387

==============================================================================
2 · TUTOR CÓ HỎI NGƯỢC LẠI KHÔNG, VÀ HỎI CÓ GỠ ĐƯỢC KHÔNG
==============================================================================
Ghi chú nhân quả: hai nhóm KHÔNG so sánh được trực tiếp — tutor hỏi lại đúng vào
những câu vốn mơ hồ hơn. Chỉ kết luận 'hỏi lại không cải thiện', không nói 'kém hơn'.

-- TẤT CẢ --
   NF + có hỏi lại    n=  612 | dừng phiên  159 (26.0%) | hỏi tiếp  453 → gỡ được  289 (63.8%), lại trượt  164 (36.2%)
   NF + ngõ cụt       n=  611 | dừng phiên  175 (28.6%) | hỏi tiếp  436 → gỡ được  307 (70.4%), lại trượt  129 (29.6%)

-- K4 --
   NF + có hỏi lại    n=   19 | dừng phiên    7 (36.8%) | hỏi tiếp   12 → gỡ được   11 (91.7%), lại trượt    1 ( 8.3%)
   NF + ngõ cụt       n=   36 | dừng phiên    9 (25.0%) | hỏi tiếp   27 → gỡ được   25 (92.6%), lại trượt    2 ( 7.4%)

-- BỎ ngày 30/07 --
   NF + có hỏi lại    n=  191 | dừng phiên   79 (41.4%) | hỏi tiếp  112 → gỡ được   86 (76.8%), lại trượt   26 (23.2%)
   NF + ngõ cụt       n=  304 | dừng phiên  121 (39.8%) | hỏi tiếp  183 → gỡ được  154 (84.2%), lại trượt   29 (15.8%)

==============================================================================
3 · TÁI PHÁT: SAU MỘT LƯỢT TRƯỢT THÌ LƯỢT SAU CÓ TRƯỢT TIẾP KHÔNG
==============================================================================
TẤT CẢ           sau NF: 293/889 (33.0%) | sau lượt thường: 607/8202 (7.4%)
K4               sau NF: 3/39 (7.7%) | sau lượt thường: 38/1926 (2.0%)
BỎ 30/07         sau NF: 55/295 (18.6%) | sau lượt thường: 256/6724 (3.8%)

==============================================================================
4 · CO CỤM THEO TÀI LIỆU — kiểm tra nhiễu do một vài bộ slide không index được
==============================================================================
   cao nhất  COMP2010               D11  n=  379 NF= 133 ( 35.1%)
   cao nhất  COMP2010               D16  n=  216 NF=  64 ( 29.6%)
   cao nhất  COMP2010               D15  n=  132 NF=  39 ( 29.5%)
   cao nhất  COMP2010               D05  n= 1060 NF= 240 ( 22.6%)
   cao nhất  COMP2010               D12  n=  359 NF=  74 ( 20.6%)
   cao nhất  COMP2010               D06  n=  390 NF=  72 ( 18.5%)
   thấp nhất BIOM3010               D02  n=  629 NF=   7 (  1.1%)
   thấp nhất COMP4010               D10  n=  103 NF=   1 (  1.0%)
   thấp nhất BIOM3010               D01  n=  297 NF=   2 (  0.7%)
   thấp nhất BIOM3010               D09  n=  127 NF=   0 (  0.0%)
   40 tài liệu (n>=100) phủ 12124 lượt, NF 1154 (9.5%); 5 tài liệu nhiều NF nhất chiếm 614/1154 = 53.2% số NF

==============================================================================
5 · CÂU HỎI NEO THEO SỐ TRANG
==============================================================================
TẤT CẢ   NF có 'trang/slide N': 1043/1223 (85.3%) | tỉ lệ trượt khi hỏi theo số trang 13.5% vs nền 9.1%
K4       NF có 'trang/slide N': 2/55 (3.6%) | tỉ lệ trượt khi hỏi theo số trang 0.9% vs nền 1.8%

==============================================================================
6 · ỨNG VIÊN KHÁC, ĐO TRÊN K4 (khoá đang chạy)
==============================================================================
   không trích dẫn        839 ( 27.1%) | học viên  191/448
   câu bấm sẵn            542 ( 17.5%) | học viên  207/448
   chỉ review_concept    2767 ( 89.3%) | học viên  435/448
   grade_missing           20 (  0.6%) | học viên   14/448
   reply_ms K4: median 4310 p90 9114 p99 97546 | >10s: 279 (9.0%)
   K4 hỏi lại gần trùng câu trước (Jaccard>=0.6): 499/1965 (25.4%)

==============================================================================
7 · TURN_ID ĐƯỢC TRÍCH TRONG SPEC §1
==============================================================================
   T00445 2026-07-24 16:53 S0303 COMP2010/D07 preset=False rating='down' NF=False
   T03818 2026-07-30 19:51 S0443 COMP2010/D05 preset=False rating='' NF=True
   T01411 2026-07-30 09:52 S1157 COMP2010/D11 preset=False rating='' NF=True
   T00362 2026-07-24 11:13 S0067 COMP2010/D17 preset=False rating='down' NF=True
   T00636 2026-07-27 12:23 S1436 COMP2010/D02 preset=False rating='down' NF=True
   T10381 2026-09-10 14:26 S0518 L2-L3-K4P1/D01 preset=False rating='' NF=True
   T11883 2026-09-12 16:27 S1438 K4P1/D04 preset=False rating='' NF=True
   T10416 2026-09-10 14:44 S1602 K4P1/D01 preset=False rating='' NF=True
   T00758 2026-07-27 16:27 S0303 COMP2010/D03 preset=False rating='down' NF=True
   T03815 2026-07-30 19:50 S0443 COMP2010/D05 preset=False rating='' NF=True
   T03816 2026-07-30 19:50 S0443 COMP2010/D05 preset=False rating='' NF=True
   T03817 2026-07-30 19:51 S0443 COMP2010/D05 preset=False rating='' NF=False
   T00185 2026-07-23 15:56 S0612 COMP2010/D17 preset=False rating='down' NF=True
   T00451 2026-07-24 17:27 S1109 COMP2010/D07 preset=False rating='down' NF=True
